python : C:\Users\Kishor\Desktop\ddas\app\services\ai_service.py:11: 
FutureWarning: 
At line:1 char:1
+ python test_duplicate_api.py > test_output.txt 2>&1; echo "Done"
+ ~~~~~~~~~~~~~~~~~~~~~~~~~~~~~~~~~~~~~~~~~~~~~~~~~~~
    + CategoryInfo          : NotSpecified: (C:\Users\Kishor...FutureWarning:  
   :String) [], RemoteException
    + FullyQualifiedErrorId : NativeCommandError
 

All support for the `google.generativeai` package has ended. It will no longer 
be receiving 
updates or bug fixes. Please switch to the `google.genai` package as soon as 
possible.
See README for more details:

https://github.com/google-gemini/deprecated-generative-ai-python/blob/main/READ
ME.md

  import google.generativeai as genai
Traceback (most recent call last):
  File "C:\Users\Kishor\Desktop\ddas\test_duplicate_api.py", line 54, in 
<module>
    print(f"        \u2514\u2500 {file.get('file_path')}")
    ~~~~~^^^^^^^^^^^^^^^^^^^^^^^^^^^^^^^^^^^^^^^
  File "C:\Python314\Lib\encodings\cp1252.py", line 19, in encode
    return codecs.charmap_encode(input,self.errors,encoding_table)[0]
           ~~~~~~~~~~~~~~~~~~~~~^^^^^^^^^^^^^^^^^^^^^^^^^^^^^^^^^^
UnicodeEncodeError: 'charmap' codec can't encode characters in position 8-9: 
character maps to <undefined>
[DB] Initialized at data\ddas.db
======================================================================
TESTING DUPLICATE DETECTOR API ENDPOINTS (with fixed database)
======================================================================

[TEST 1] GET /api/duplicates/statistics
  Status: 200
  Response:
    ò duplicate_files: 5
    ò duplicate_groups: 2
    ò duplicate_percentage: 11.627906976744185
    ò potential_savings_gb: 0.0
    ò total_files: 43
    ò total_storage_bytes: 538226275
    ò unique_files: 40
    ò wasted_storage_bytes: 3072000
    ò wasted_storage_percentage: 0.5707636625506624

[TEST 2] GET /api/duplicates/all?limit=1000
  Status: 200
  Response:
    ò success: True
    ò message: Found 2 duplicate groups
    ò total_groups: 2

  Duplicate Groups (2 found):
    Group 1 - 3 files:
      ò report.pdf (512000 bytes)
  ERROR: 'charmap' codec can't encode characters in position 8-9: character maps to <undefined>

======================================================================
TEST COMPLETE
======================================================================
